%!Adobe-FontList 1.19
%Locale:0x409

%BeginFont
Handler:DirectoryHandler
FontType:Type1
FontName:Gotham-Ultra
FamilyName:Gotham
StyleName:Ultra
MenuName:Gotham-Ultra
StyleBits:2
WeightClass:900
WidthClass:5
AngleClass:0
FullName:Gotham-Ultra
WritingScript:Roman
OutlineFileName:\GothaUlt
DataFormat:POSTResource
UsesStandardEncoding:no
isCFF:no
hasSVG:no
VariableFontType:NonVariableFont
FileLength:35351
FileModTime:1284463134
DesignSize:-1
%EndFont

%BeginFont
Handler:DirectoryHandler
FontType:Suitcase
FontName:Gotham-BoldItalic
OutlineFileName:\Gotham-BoldItalic
ResourceID:4278
MacStyle:0
FileLength:18324
FileModTime:1284463160
%EndFont

%BeginFont
Handler:DirectoryHandler
FontType:Suitcase
FontName:Gotham-Ultra
OutlineFileName:\Gotham-Ultra
ResourceID:4167
MacStyle:0
FileLength:25226
FileModTime:1284463134
%EndFont

%BeginFont
Handler:DirectoryHandler
FontType:Type1
FontName:Gotham-BoldItalic
FamilyName:Gotham
StyleName:BoldItalic
MenuName:Gotham-BoldItalic
StyleBits:3
WeightClass:700
WidthClass:5
AngleClass:1
FullName:Gotham-BoldItalic
WritingScript:Roman
OutlineFileName:\GothaBolIta
DataFormat:POSTResource
UsesStandardEncoding:no
isCFF:no
hasSVG:no
VariableFontType:NonVariableFont
FileLength:36066
FileModTime:1284463160
DesignSize:-1
%EndFont

%BeginFont
Handler:DirectoryHandler
FontType:Suitcase
FontName:Gotham-BlackItalic
OutlineFileName:\Gotham-BlackItalic
ResourceID:4285
MacStyle:0
FileLength:19846
FileModTime:1284463128
%EndFont

%BeginFont
Handler:DirectoryHandler
FontType:Suitcase
FontName:Gotham-Medium
OutlineFileName:\Gotham-Medium
ResourceID:4160
MacStyle:0
FileLength:24496
FileModTime:1284463106
%EndFont

%BeginFont
Handler:DirectoryHandler
FontType:Type1
FontName:Gotham-Bold
FamilyName:Gotham
StyleName:Bold
MenuName:Gotham Bold
StyleBits:0
WeightClass:400
WidthClass:5
AngleClass:0
FullName:Gotham Bold
WritingScript:Roman
OutlineFileName:\Gotham-Bold.otf
DataFormat:sfntData
UsesStandardEncoding:yes
isCFF:yes
hasSVG:no
VariableFontType:NonVariableFont
FileLength:127472
FileModTime:1561987716
NameArray:0,Mac,4,Gotham Bold
NameArray:0,Win,1,Gotham Bold
NameArray:0,Win,16,Gotham
%EndFont

%BeginFont
Handler:DirectoryHandler
FontType:Suitcase
FontName:Gotham-Black
OutlineFileName:\Gotham-Black
ResourceID:4166
MacStyle:0
FileLength:26246
FileModTime:1284463154
%EndFont

%BeginFont
Handler:DirectoryHandler
FontType:Suitcase
FontName:Gotham-MediumItalic
OutlineFileName:\Gotham-MediumItalic
ResourceID:4277
MacStyle:0
FileLength:18358
FileModTime:1284463064
%EndFont

%BeginFont
Handler:DirectoryHandler
FontType:Type1
FontName:Gotham-Medium
FamilyName:Gotham
StyleName:Medium
MenuName:Gotham-Medium
StyleBits:0
WeightClass:500
WidthClass:5
AngleClass:0
FullName:Gotham-Medium
WritingScript:Roman
OutlineFileName:\GothaMed
DataFormat:POSTResource
UsesStandardEncoding:no
isCFF:no
hasSVG:no
VariableFontType:NonVariableFont
FileLength:35147
FileModTime:1284463106
DesignSize:-1
%EndFont

%BeginFont
Handler:DirectoryHandler
FontType:Suitcase
FontName:Gotham-Book
OutlineFileName:\Gotham-Book
ResourceID:4159
MacStyle:0
FileLength:24106
FileModTime:1284462970
%EndFont

%BeginFont
Handler:DirectoryHandler
FontType:Type1
FontName:Gotham-Book
FamilyName:Gotham
StyleName:Book
MenuName:Gotham-Book
StyleBits:0
WeightClass:400
WidthClass:5
AngleClass:0
FullName:Gotham-Book
WritingScript:Roman
OutlineFileName:\GothaBoo
DataFormat:POSTResource
UsesStandardEncoding:no
isCFF:no
hasSVG:no
VariableFontType:NonVariableFont
FileLength:34921
FileModTime:1284462970
DesignSize:-1
%EndFont

%BeginFont
Handler:DirectoryHandler
FontType:Type1
FontName:Gotham-BlackItalic
FamilyName:Gotham
StyleName:BlackItalic
MenuName:Gotham-BlackItalic
StyleBits:3
WeightClass:900
WidthClass:5
AngleClass:1
FullName:Gotham-BlackItalic
WritingScript:Roman
OutlineFileName:\GothaBlaIta
DataFormat:POSTResource
UsesStandardEncoding:no
isCFF:no
hasSVG:no
VariableFontType:NonVariableFont
FileLength:36359
FileModTime:1284463128
DesignSize:-1
%EndFont

%BeginFont
Handler:DirectoryHandler
FontType:Type1
FontName:Gotham-Black
FamilyName:Gotham
StyleName:Black
MenuName:Gotham-Black
StyleBits:2
WeightClass:900
WidthClass:5
AngleClass:0
FullName:Gotham-Black
WritingScript:Roman
OutlineFileName:\GothaBla
DataFormat:POSTResource
UsesStandardEncoding:no
isCFF:no
hasSVG:no
VariableFontType:NonVariableFont
FileLength:35358
FileModTime:1284463154
DesignSize:-1
%EndFont

%BeginFont
Handler:DirectoryHandler
FontType:Type1
FontName:Gotham-MediumItalic
FamilyName:Gotham
StyleName:MediumItalic
MenuName:Gotham-MediumItalic
StyleBits:1
WeightClass:500
WidthClass:5
AngleClass:1
FullName:Gotham-MediumItalic
WritingScript:Roman
OutlineFileName:\GothaMedIta
DataFormat:POSTResource
UsesStandardEncoding:no
isCFF:no
hasSVG:no
VariableFontType:NonVariableFont
FileLength:35952
FileModTime:1284463064
DesignSize:-1
%EndFont

